#-----------------------------------------------------------
# Vivado v2018.2 (64-bit)
# SW Build 2258646 on Thu Jun 14 20:03:12 MDT 2018
# IP Build 2256618 on Thu Jun 14 22:10:49 MDT 2018
# Start of session at: Wed May 13 20:11:41 2020
# Process ID: 9364
# Current directory: D:/Bo/Bo/A_NUS Undergraduate/Year_1_Sem_2/EE2026/Project/Master/SoundDisplay
# Command line: vivado.exe -gui_launcher_event rodinguilauncherevent9992 D:\Bo\Bo\A_NUS Undergraduate\Year_1_Sem_2\EE2026\Project\Master\SoundDisplay\SoundDisplay.xpr
# Log file: D:/Bo/Bo/A_NUS Undergraduate/Year_1_Sem_2/EE2026/Project/Master/SoundDisplay/vivado.log
# Journal file: D:/Bo/Bo/A_NUS Undergraduate/Year_1_Sem_2/EE2026/Project/Master/SoundDisplay\vivado.jou
#-----------------------------------------------------------
start_gui
open_project {D:/Bo/Bo/A_NUS Undergraduate/Year_1_Sem_2/EE2026/Project/Master/SoundDisplay/SoundDisplay.xpr}
open_hw
connect_hw_server
update_compile_order -fileset sources_1
disconnect_hw_server localhost:3121
connect_hw_server
disconnect_hw_server localhost:3121
connect_hw_server
disconnect_hw_server localhost:3121
connect_hw_server
